// Jest Snapshot v1, https://goo.gl/fbAQLP

exports[`ResizablePanelGroup renders a default state 1`] = `
<div>
  <div
    class="fui-ResizablePanelGroup"
  >
    Default ResizablePanelGroup
  </div>
</div>
`;
