// Jest Snapshot v1, https://goo.gl/fbAQLP

exports[`ResizablePanelHandle renders a default state 1`] = `
<div>
  <div
    class="fui-ResizablePanelHandle"
  >
    Default ResizablePanelHandle
  </div>
</div>
`;
