// Jest Snapshot v1, https://goo.gl/fbAQLP

exports[`TableResizeHandle renders a default state 1`] = `
<div>
  <div
    aria-label="Resize Column, 0 pixels"
    aria-live="assertive"
    class="fui-TableResizeHandle"
    role="button"
    tabindex="0"
  >
    Default TableResizeHandle
  </div>
</div>
`;
