// Jest Snapshot v1, https://goo.gl/fbAQLP

exports[`ListItemButton renders a default state 1`] = `
<div>
  <button
    class="fui-Button"
    type="button"
  >
    Default ListItemButton
  </button>
</div>
`;
