// Jest Snapshot v1, https://goo.gl/fbAQLP

exports[`ResizablePanel renders a default state 1`] = `
<div>
  <div
    class="fui-ResizablePanel"
  >
    Default ResizablePanel
  </div>
</div>
`;
